// Jest Snapshot v1, https://goo.gl/fbAQLP

exports[`Test for List of each Country Country List Item Renders correctly:  1`] = `
<div
  className="country"
>
  <div
    className="summary"
  >
    <a
      className=""
      href="/Details"
      id="Ethiopia"
      onClick={[Function]}
    >
      <svg
        aria-hidden="true"
        className="svg-inline--fa fa-circle-arrow-right arrow-right"
        data-icon="circle-arrow-right"
        data-prefix="fas"
        focusable="false"
        role="img"
        style={Object {}}
        viewBox="0 0 512 512"
        xmlns="http://www.w3.org/2000/svg"
      >
        <path
          d="M256 0C114.6 0 0 114.6 0 256c0 141.4 114.6 256 256 256s256-114.6 256-256C512 114.6 397.4 0 256 0zM406.6 278.6l-103.1 103.1c-12.5 12.5-32.75 12.5-45.25 0s-12.5-32.75 0-45.25L306.8 288H128C110.3 288 96 273.7 96 256s14.31-32 32-32h178.8l-49.38-49.38c-12.5-12.5-12.5-32.75 0-45.25s32.75-12.5 45.25 0l103.1 103.1C414.6 241.3 416 251.1 416 256C416 260.9 414.6 270.7 406.6 278.6z"
          fill="currentColor"
          style={Object {}}
        />
      </svg>
      <img
        alt="COVID-19"
        className="covid-icn"
        src="covid.png"
      />
      <p
        className="country-name"
      >
        Ethiopia
      </p>
      <p
        className="total-confirmed"
      >
        10000
      </p>
    </a>
  </div>
</div>
`;
